Microchip MPLAB XC8 Compiler V2.45

Linker command line:

-W-3 \
  --edf=C:/Users/Dubai Store/.mchp_packs/Microchip/PIC18F-K_DFP/1.13.292/xc8\pic\dat\20231012153220_en.msgs \
  -cn -h+dist/default/debug\Smart_Home_Slave.X.debug.sym \
  --cmf=dist/default/debug\Smart_Home_Slave.X.debug.cmf -z -Q18F46K20 \
  -oC:\Users\DUBAIS~1\AppData\Local\Temp\xcAsb08.\driver_tmp_3.o \
  --defsym=__MPLAB_BUILD=1 --fixupoverflow=error \
  -Mdist/default/debug/Smart_Home_Slave.X.debug.map \
  --md=C:\Users\DUBAIS~1\AppData\Local\Temp\xcAsb08.\driver_tmp_0.dat -E1 \
  -ver=XC8 Compiler --acfsm=1493 -ACODE=00h-0FFFFh -ACONST=00h-0FFFFh \
  -ASMALLCONST=01000h-010FFhx240 -AMEDIUMCONST=01000h-0FFFFh \
  -ACOMRAM=01h-05Fh -AABS1=00h-0F5Fh -ABIGRAM=01h-0F5Fh \
  -ARAM=060h-0FFh,0100h-01FFhx14,0F00h-0F5Fh -ABANK0=060h-0FFh \
  -ABANK1=0100h-01FFh -ABANK2=0200h-02FFh -ABANK3=0300h-03FFh \
  -ABANK4=0400h-04FFh -ABANK5=0500h-05FFh -ABANK6=0600h-06FFh \
  -ABANK7=0700h-07FFh -ABANK8=0800h-08FFh -ABANK9=0900h-09FFh \
  -ABANK10=0A00h-0AFFh -ABANK11=0B00h-0BFFh -ABANK12=0C00h-0CFFh \
  -ABANK13=0D00h-0DFFh -ABANK14=0E00h-0EFFh -ABANK15=0F00h-0F5Fh \
  -ASFR=0F60h-0FFFh -ABIGSFR=0F60h-0FFFh -ACONFIG=0300000h-030000Dh \
  -AIDLOC=0200000h-0200007h -AEEDATA=0F00000h-0F003FFh -peeprom_data=EEDATA \
  -preset_vec=00h,intcode=08h,intcodelo,powerup,init -pramtop=01000h \
  -psmallconst=SMALLCONST -pmediumconst=MEDIUMCONST -pconst=CONST \
  -AFARRAM=00h-00h \
  -prdata=COMRAM,nvrram=COMRAM,nvbit=COMRAM,rbss=COMRAM,rbit=COMRAM \
  -pfarbss=FARRAM,fardata=FARRAM,nvFARRAM=FARRAM \
  -pintsave_regs=BIGRAM,bigbss=BIGRAM,bigdata=BIGRAM -pbss=RAM \
  -pidata=CODE,irdata=CODE,ibigdata=CODE,ifardata=CODE -prparam=COMRAM \
  C:\Users\DUBAIS~1\AppData\Local\Temp\xcAsb08.\driver_tmp_9.o \
  dist/default/debug\Smart_Home_Slave.X.debug.o 

Object code version is 3.11

Machine type is 18F46K20



                Name                               Link     Load   Length Selector   Space Scale
C:\Users\DUBAIS~1\AppData\Local\Temp\xcAsb08.\driver_tmp_9.o
                config                           300000   300000        E        0       4
                init                                 86       86        4        4       0
                reset_vec                             0        0        4        0       0
dist/default/debug\Smart_Home_Slave.X.debug.o
                intcode                               8        8       7E        4       0
                config                           300000   300000        E        0       4
                temp                                 20       20        1        1       1
                smallconst                         1000     1000        2      800       0
                text36                             13E6     13E6        4      801       0
                text35                             13CC     13CC        8      801       0
                text34                             1264     1264       2E      801       0
                text33                             13E2     13E2        4      801       0
                text32                             131A     131A       14      801       0
                text31                             1306     1306       14      801       0
                text30                             12F2     12F2       14      801       0
                text29                             12DE     12DE       14      801       0
                text28                             13D4     13D4        6      801       0
                text27                             13C4     13C4        8      801       0
                text26                             1236     1236       2E      801       0
                text25                             13DE     13DE        4      801       0
                text24                             13BC     13BC        8      801       0
                text23                             13B4     13B4        8      801       0
                text22                             1208     1208       2E      801       0
                text21                             1002     1002       FC      801       0
                text19                             13DA     13DA        4      801       0
                text18                             1292     1292       1E      801       0
                text17                             139A     139A        A      801       0
                text16                             1390     1390        A      801       0
                text15                             1386     1386        A      801       0
                text14                             137C     137C        A      801       0
                text13                             13AC     13AC        8      801       0
                text12                             13A4     13A4        8      801       0
                text11                             1372     1372        A      801       0
                text10                             1368     1368        A      801       0
                text9                              10FE     10FE       5E      801       0
                text8                              135E     135E        A      801       0
                text7                              12CA     12CA       14      801       0
                text6                              1354     1354        A      801       0
                text5                              134A     134A        A      801       0
                text4                              1340     1340        A      801       0
                text3                              11A6     11A6       34      801       0
                text2                              11DA     11DA       2E      801       0
                text1                              132E     132E       12      801       0
                text0                              115C     115C       4A      801       0
                cstackCOMRAM                         12       12        8        1       1
                bssCOMRAM                             1        1       11        1       1
                cinit                              12B0     12B0       1A      801       0
                nvCOMRAM                             1A       1A        6        1       1

TOTAL           Name                               Link     Load   Length     Space
        CLASS   CODE           
                intcode                               8        8       7E         0
                init                                 86       86        4         0
                reset_vec                             0        0        4         0
                text36                             13E6     13E6        4         0
                text35                             13CC     13CC        8         0
                text34                             1264     1264       2E         0
                text33                             13E2     13E2        4         0
                text32                             131A     131A       14         0
                text31                             1306     1306       14         0
                text30                             12F2     12F2       14         0
                text29                             12DE     12DE       14         0
                text28                             13D4     13D4        6         0
                text27                             13C4     13C4        8         0
                text26                             1236     1236       2E         0
                text25                             13DE     13DE        4         0
                text24                             13BC     13BC        8         0
                text23                             13B4     13B4        8         0
                text22                             1208     1208       2E         0
                text21                             1002     1002       FC         0
                text19                             13DA     13DA        4         0
                text18                             1292     1292       1E         0
                text17                             139A     139A        A         0
                text16                             1390     1390        A         0
                text15                             1386     1386        A         0
                text14                             137C     137C        A         0
                text13                             13AC     13AC        8         0
                text12                             13A4     13A4        8         0
                text11                             1372     1372        A         0
                text10                             1368     1368        A         0
                text9                              10FE     10FE       5E         0
                text8                              135E     135E        A         0
                text7                              12CA     12CA       14         0
                text6                              1354     1354        A         0
                text5                              134A     134A        A         0
                text4                              1340     1340        A         0
                text3                              11A6     11A6       34         0
                text2                              11DA     11DA       2E         0
                text1                              132E     132E       12         0
                text0                              115C     115C       4A         0
                cinit                              12B0     12B0       1A         0

        CLASS   CONST          

        CLASS   SMALLCONST     
                smallconst                         1000     1000        2         0

        CLASS   MEDIUMCONST    

        CLASS   COMRAM         
                temp                                 20       20        1         1
                cstackCOMRAM                         12       12        8         1
                bssCOMRAM                             1        1       11         1
                nvCOMRAM                             1A       1A        6         1

        CLASS   ABS1           

        CLASS   BIGRAM         

        CLASS   RAM            

        CLASS   BANK0          

        CLASS   BANK1          

        CLASS   BANK2          

        CLASS   BANK3          

        CLASS   BANK4          

        CLASS   BANK5          

        CLASS   BANK6          

        CLASS   BANK7          

        CLASS   BANK8          

        CLASS   BANK9          

        CLASS   BANK10         

        CLASS   BANK11         

        CLASS   BANK12         

        CLASS   BANK13         

        CLASS   BANK14         

        CLASS   BANK15         

        CLASS   SFR            

        CLASS   BIGSFR         

        CLASS   CONFIG         
                config                           300000   300000        E         4

        CLASS   IDLOC          

        CLASS   EEDATA         

        CLASS   FARRAM         

        CLASS   HEAP           

        CLASS   STACK          



SEGMENTS        Name                           Load    Length   Top    Selector   Space  Class

                reset_vec                      000000  000004  000004         0       0  CODE    
                bssCOMRAM                      000001  000020  000021         1       1  COMRAM  
                intcode                        000008  000082  00008A         4       0  CODE    
                smallconst                     001000  000002  001002       800       0  SMALLCON
                text21                         001002  0003E8  0013EA       801       0  CODE    


UNUSED ADDRESS RANGES

        Name                Unused          Largest block    Delta
        BANK0            000060-0000FF               A0
        BANK1            000100-0001FF              100
        BANK10           000A00-000AFF              100
        BANK11           000B00-000BFF              100
        BANK12           000C00-000CFF              100
        BANK13           000D00-000DFF              100
        BANK14           000E00-000EFF              100
        BANK15           000F00-000F5F               60
        BANK2            000200-0002FF              100
        BANK3            000300-0003FF              100
        BANK4            000400-0004FF              100
        BANK5            000500-0005FF              100
        BANK6            000600-0006FF              100
        BANK7            000700-0007FF              100
        BANK8            000800-0008FF              100
        BANK9            000900-0009FF              100
        BIGRAM           000021-000F5F              F3F
        BIGSFR           000F60-000FFF               A0
        CODE             000004-000007                4
                         00008A-000FFF              F76
                         0013EA-00FFFF             EC16
        COMRAM           000021-00005F               3F
        CONST            000004-000007                4
                         00008A-000FFF              F76
                         0013EA-00FFFF             EC16
        EEDATA           F00000-F003FF              400
        IDLOC            200000-200007                8
        MEDIUMCONST      0013EA-00FFFF             EC16
        RAM              000060-000F5F              100
        SFR              000F60-000FFF               A0
        SMALLCONST       0013EA-00FFFF              100

                                  Symbol Table

I2C_SlaveSendTxData@data                  cstackCOMRAM 000012
I2C_SlaveSetAddrIntHandler@handler        cstackCOMRAM 000018
I2C_SlaveSetBusColIntHandler@handler      cstackCOMRAM 000018
I2C_SlaveSetIsrHandler@handler            cstackCOMRAM 000018
I2C_SlaveSetReadIntHandler@handler        cstackCOMRAM 000018
I2C_SlaveSetSlaveAddr@slaveAddr           cstackCOMRAM 000018
I2C_SlaveSetSlaveMask@maskAddr            cstackCOMRAM 000018
I2C_SlaveSetWrColIntHandler@handler       cstackCOMRAM 000018
I2C_SlaveSetWriteIntHandler@handler       cstackCOMRAM 000018
INT0_SetInterruptHandler@InterruptHandler cstackCOMRAM 000018
INT1_SetInterruptHandler@InterruptHandler cstackCOMRAM 000018
INT2_SetInterruptHandler@InterruptHandler cstackCOMRAM 000018
_ANSELH                                   (abs)        000F7F
_CLOCK_Initialize                         text8        00135E
_I2C_Initialize                           text7        0012CA
_I2C_Isr                                  text21       001002
_I2C_Open                                 text9        0010FE
_I2C_SlaveAddrCallBack                    text34       001264
_I2C_SlaveAddrInterruptHandler            bssCOMRAM    000005
_I2C_SlaveBusColInterruptHandler          bssCOMRAM    000003
_I2C_SlaveClearIrq                        text33       0013E2
_I2C_SlaveDefAddrInterruptHandler         text35       0013CC
_I2C_SlaveDefBusColInterruptHandler       (abs)        000000
_I2C_SlaveDefRdInterruptHandler           text27       0013C4
_I2C_SlaveDefWrColInterruptHandler        (abs)        000000
_I2C_SlaveDefWrInterruptHandler           text23       0013B4
_I2C_SlaveEnableIrq                       text19       0013DA
_I2C_SlaveGetRxData                       text36       0013E6
_I2C_SlaveIsAddr                          text32       00131A
_I2C_SlaveIsRead                          text31       001306
_I2C_SlaveIsRxBufFull                     text30       0012F2
_I2C_SlaveIsTxBufEmpty                    text29       0012DE
_I2C_SlaveOpen                            text18       001292
_I2C_SlaveRdCallBack                      text26       001236
_I2C_SlaveRdInterruptHandler              bssCOMRAM    000009
_I2C_SlaveReleaseClock                    text25       0013DE
_I2C_SlaveSendTxData                      text24       0013BC
_I2C_SlaveSetAddrIntHandler               text17       00139A
_I2C_SlaveSetBusColIntHandler             text16       001390
_I2C_SlaveSetIsrHandler                   text15       001386
_I2C_SlaveSetReadIntHandler               text14       00137C
_I2C_SlaveSetSlaveAddr                    text13       0013AC
_I2C_SlaveSetSlaveMask                    text12       0013A4
_I2C_SlaveSetWrColIntHandler              text11       001372
_I2C_SlaveSetWriteIntHandler              text10       001368
_I2C_SlaveWrCallBack                      text22       001208
_I2C_SlaveWrColInterruptHandler           bssCOMRAM    000001
_I2C_SlaveWrInterruptHandler              bssCOMRAM    000007
_INT0_DefaultInterruptHandler             (abs)        000000
_INT0_InterruptHandler                    nvCOMRAM     00001E
_INT0_SetInterruptHandler                 text6        001354
_INT1_DefaultInterruptHandler             (abs)        000000
_INT1_InterruptHandler                    nvCOMRAM     00001C
_INT1_SetInterruptHandler                 text5        00134A
_INT2_DefaultInterruptHandler             (abs)        000000
_INT2_InterruptHandler                    nvCOMRAM     00001A
_INT2_SetInterruptHandler                 text4        001340
_INTCON2bits                              (abs)        000FF1
_INTCON3bits                              (abs)        000FF0
_INTCONbits                               (abs)        000FF2
_INTERRUPT_Initialize                     text3        0011A6
_INTERRUPT_InterruptManager               intcode      000008
_IOCB                                     (abs)        000F7D
_LATA                                     (abs)        000F89
_LATB                                     (abs)        000F8A
_LATC                                     (abs)        000F8B
_LATD                                     (abs)        000F8C
_LATDbits                                 (abs)        000F8C
_LATE                                     (abs)        000F8D
_MSSP_InterruptHandler                    bssCOMRAM    00000B
_My_I2C_SlaveSetReadIntHandler            text28       0013D4
_OSCCON                                   (abs)        000FD3
_OSCTUNE                                  (abs)        000F9B
_PIE1bits                                 (abs)        000F9D
_PIE2bits                                 (abs)        000FA0
_PIN_MANAGER_Initialize                   text2        0011DA
_PIR1bits                                 (abs)        000F9E
_PIR2bits                                 (abs)        000FA1
_RCONbits                                 (abs)        000FD0
_SSPADD                                   (abs)        000FC8
_SSPBUF                                   (abs)        000FC9
_SSPCON1                                  (abs)        000FC6
_SSPCON1bits                              (abs)        000FC6
_SSPCON2                                  (abs)        000FC5
_SSPCON2bits                              (abs)        000FC5
_SSPMSK                                   (abs)        000F77
_SSPSTAT                                  (abs)        000FC7
_SSPSTATbits                              (abs)        000FC7
_SYSTEM_Initialize                        text1        00132E
_TRISA                                    (abs)        000F92
_TRISB                                    (abs)        000F93
_TRISC                                    (abs)        000F94
_TRISD                                    (abs)        000F95
_TRISDbits                                (abs)        000F95
_TRISE                                    (abs)        000F96
_Temp                                     bssCOMRAM    000011
_WPUB                                     (abs)        000F7C
__HRAM                                    (abs)        000000
__H__absolute__                           __absolute__ 000000
__Habs1                                   abs1         000000
__Hbank0                                  bank0        000000
__Hbank1                                  bank1        000000
__Hbank10                                 bank10       000000
__Hbank11                                 bank11       000000
__Hbank12                                 bank12       000000
__Hbank13                                 bank13       000000
__Hbank14                                 bank14       000000
__Hbank15                                 bank15       000000
__Hbank2                                  bank2        000000
__Hbank3                                  bank3        000000
__Hbank4                                  bank4        000000
__Hbank5                                  bank5        000000
__Hbank6                                  bank6        000000
__Hbank7                                  bank7        000000
__Hbank8                                  bank8        000000
__Hbank9                                  bank9        000000
__Hbigbss                                 bigbss       000000
__Hbigdata                                bigdata      000000
__Hbigram                                 bigram       000000
__Hbigsfr                                 bigsfr       000000
__Hbss                                    bss          000000
__HbssCOMRAM                              bssCOMRAM    000000
__Hcinit                                  cinit        000000
__Hclrtext                                clrtext      000000
__Hcomram                                 comram       000000
__Hconfig                                 config       30000E
__Hconst                                  const        000000
__HcstackCOMRAM                           cstackCOMRAM 000000
__Hdata                                   data         000000
__Heeprom_data                            eeprom_data  000000
__Hfarbss                                 farbss       000000
__Hfardata                                fardata      000000
__Hheap                                   heap         000000
__Hibigdata                               ibigdata     000000
__Hidata                                  idata        000000
__Hidloc                                  idloc        000000
__Hifardata                               ifardata     000000
__Hinit                                   init         00008A
__Hintcode                                intcode      000086
__Hintcode_body                           intcode_body 000000
__Hintcodelo                              intcodelo    000086
__Hintentry                               intentry     000000
__Hintret                                 intret       000000
__Hintsave_regs                           intsave_regs 000000
__Hirdata                                 irdata       000000
__Hmediumconst                            mediumconst  000000
__HnvCOMRAM                               nvCOMRAM     000000
__HnvFARRAM                               nvFARRAM     000000
__Hnvbit                                  nvbit        000000
__Hnvrram                                 nvrram       000000
__Hparam                                  rparam       000000
__Hpowerup                                powerup      000086
__Hram                                    ram          000000
__Hramtop                                 ramtop       001000
__Hrbit                                   rbit         000000
__Hrbss                                   rbss         000000
__Hrdata                                  rdata        000000
__Hreset_vec                              reset_vec    000004
__Hrparam                                 rparam       000000
__Hsfr                                    sfr          000000
__Hsmallconst                             smallconst   001002
__Hspace_0                                (abs)        0013EA
__Hspace_1                                (abs)        000021
__Hspace_2                                (abs)        000000
__Hspace_4                                (abs)        60000E
__Hstack                                  stack        000000
__Hstruct                                 struct       000000
__Htemp                                   temp         000021
__Htext                                   text         000000
__Htext0                                  text0        000000
__Htext1                                  text1        000000
__Htext10                                 text10       000000
__Htext11                                 text11       000000
__Htext12                                 text12       000000
__Htext13                                 text13       000000
__Htext14                                 text14       000000
__Htext15                                 text15       000000
__Htext16                                 text16       000000
__Htext17                                 text17       000000
__Htext18                                 text18       000000
__Htext19                                 text19       000000
__Htext2                                  text2        000000
__Htext21                                 text21       000000
__Htext22                                 text22       000000
__Htext23                                 text23       000000
__Htext24                                 text24       000000
__Htext25                                 text25       000000
__Htext26                                 text26       000000
__Htext27                                 text27       000000
__Htext28                                 text28       000000
__Htext29                                 text29       000000
__Htext3                                  text3        000000
__Htext30                                 text30       000000
__Htext31                                 text31       000000
__Htext32                                 text32       000000
__Htext33                                 text33       000000
__Htext34                                 text34       000000
__Htext35                                 text35       000000
__Htext36                                 text36       000000
__Htext37                                 text37       000000
__Htext4                                  text4        000000
__Htext5                                  text5        000000
__Htext6                                  text6        000000
__Htext7                                  text7        000000
__Htext8                                  text8        000000
__Htext9                                  text9        000000
__LRAM                                    (abs)        000001
__L__absolute__                           __absolute__ 000000
__Labs1                                   abs1         000000
__Lbank0                                  bank0        000000
__Lbank1                                  bank1        000000
__Lbank10                                 bank10       000000
__Lbank11                                 bank11       000000
__Lbank12                                 bank12       000000
__Lbank13                                 bank13       000000
__Lbank14                                 bank14       000000
__Lbank15                                 bank15       000000
__Lbank2                                  bank2        000000
__Lbank3                                  bank3        000000
__Lbank4                                  bank4        000000
__Lbank5                                  bank5        000000
__Lbank6                                  bank6        000000
__Lbank7                                  bank7        000000
__Lbank8                                  bank8        000000
__Lbank9                                  bank9        000000
__Lbigbss                                 bigbss       000000
__Lbigdata                                bigdata      000000
__Lbigram                                 bigram       000000
__Lbigsfr                                 bigsfr       000000
__Lbss                                    bss          000000
__LbssCOMRAM                              bssCOMRAM    000000
__Lcinit                                  cinit        000000
__Lclrtext                                clrtext      000000
__Lcomram                                 comram       000000
__Lconfig                                 config       000000
__Lconst                                  const        000000
__LcstackCOMRAM                           cstackCOMRAM 000000
__Ldata                                   data         000000
__Leeprom_data                            eeprom_data  000000
__Lfarbss                                 farbss       000000
__Lfardata                                fardata      000000
__Lheap                                   heap         000000
__Libigdata                               ibigdata     000000
__Lidata                                  idata        000000
__Lidloc                                  idloc        000000
__Lifardata                               ifardata     000000
__Linit                                   init         000086
__Lintcode                                intcode      000008
__Lintcode_body                           intcode_body 000000
__Lintcodelo                              intcodelo    000086
__Lintentry                               intentry     000000
__Lintret                                 intret       000000
__Lintsave_regs                           intsave_regs 000000
__Lirdata                                 irdata       000000
__Lmediumconst                            mediumconst  000000
__LnvCOMRAM                               nvCOMRAM     000000
__LnvFARRAM                               nvFARRAM     000000
__Lnvbit                                  nvbit        000000
__Lnvrram                                 nvrram       000000
__Lparam                                  rparam       000000
__Lpowerup                                powerup      000086
__Lram                                    ram          000000
__Lramtop                                 ramtop       001000
__Lrbit                                   rbit         000000
__Lrbss                                   rbss         000000
__Lrdata                                  rdata        000000
__Lreset_vec                              reset_vec    000000
__Lrparam                                 rparam       000000
__Lsfr                                    sfr          000000
__Lsmallconst                             smallconst   001000
__Lspace_0                                (abs)        000000
__Lspace_1                                (abs)        000000
__Lspace_2                                (abs)        000000
__Lspace_4                                (abs)        000000
__Lstack                                  stack        000000
__Lstruct                                 struct       000000
__Ltemp                                   temp         000020
__Ltext                                   text         000000
__Ltext0                                  text0        000000
__Ltext1                                  text1        000000
__Ltext10                                 text10       000000
__Ltext11                                 text11       000000
__Ltext12                                 text12       000000
__Ltext13                                 text13       000000
__Ltext14                                 text14       000000
__Ltext15                                 text15       000000
__Ltext16                                 text16       000000
__Ltext17                                 text17       000000
__Ltext18                                 text18       000000
__Ltext19                                 text19       000000
__Ltext2                                  text2        000000
__Ltext21                                 text21       000000
__Ltext22                                 text22       000000
__Ltext23                                 text23       000000
__Ltext24                                 text24       000000
__Ltext25                                 text25       000000
__Ltext26                                 text26       000000
__Ltext27                                 text27       000000
__Ltext28                                 text28       000000
__Ltext29                                 text29       000000
__Ltext3                                  text3        000000
__Ltext30                                 text30       000000
__Ltext31                                 text31       000000
__Ltext32                                 text32       000000
__Ltext33                                 text33       000000
__Ltext34                                 text34       000000
__Ltext35                                 text35       000000
__Ltext36                                 text36       000000
__Ltext37                                 text37       000000
__Ltext4                                  text4        000000
__Ltext5                                  text5        000000
__Ltext6                                  text6        000000
__Ltext7                                  text7        000000
__Ltext8                                  text8        000000
__Ltext9                                  text9        000000
__S0                                      (abs)        0013EA
__S1                                      (abs)        000021
__S4                                      (abs)        000000
__S5                                      (abs)        000000
___heap_hi                                (abs)        000000
___heap_lo                                (abs)        000000
___inthi_sp                               stack        000000
___inthi_stack_hi                         stack        000000
___inthi_stack_lo                         stack        000000
___intlo_sp                               stack        000000
___intlo_stack_hi                         stack        000000
___intlo_stack_lo                         stack        000000
___param_bank                             (abs)        000000
___rparam_used                            (abs)        000001
___sp                                     stack        000000
___stack_hi                               stack        000000
___stack_lo                               stack        000000
__accesstop                               (abs)        000060
__activetblptr                            (abs)        000002
__end_of_CLOCK_Initialize                 text8        001368
__end_of_I2C_Initialize                   text7        0012DE
__end_of_I2C_Isr                          text21       0010FE
__end_of_I2C_Open                         text9        00115C
__end_of_I2C_SlaveAddrCallBack            text34       001292
__end_of_I2C_SlaveClearIrq                text33       0013E6
__end_of_I2C_SlaveDefAddrInterruptHandler text35       0013D4
__end_of_I2C_SlaveDefRdInterruptHandler   text27       0013CC
__end_of_I2C_SlaveDefWrInterruptHandler   text23       0013BC
__end_of_I2C_SlaveEnableIrq               text19       0013DE
__end_of_I2C_SlaveGetRxData               text36       0013EA
__end_of_I2C_SlaveIsAddr                  text32       00132E
__end_of_I2C_SlaveIsRead                  text31       00131A
__end_of_I2C_SlaveIsRxBufFull             text30       001306
__end_of_I2C_SlaveIsTxBufEmpty            text29       0012F2
__end_of_I2C_SlaveOpen                    text18       0012B0
__end_of_I2C_SlaveRdCallBack              text26       001264
__end_of_I2C_SlaveReleaseClock            text25       0013E2
__end_of_I2C_SlaveSendTxData              text24       0013C4
__end_of_I2C_SlaveSetAddrIntHandler       text17       0013A4
__end_of_I2C_SlaveSetBusColIntHandler     text16       00139A
__end_of_I2C_SlaveSetIsrHandler           text15       001390
__end_of_I2C_SlaveSetReadIntHandler       text14       001386
__end_of_I2C_SlaveSetSlaveAddr            text13       0013B4
__end_of_I2C_SlaveSetSlaveMask            text12       0013AC
__end_of_I2C_SlaveSetWrColIntHandler      text11       00137C
__end_of_I2C_SlaveSetWriteIntHandler      text10       001372
__end_of_I2C_SlaveWrCallBack              text22       001236
__end_of_INT0_SetInterruptHandler         text6        00135E
__end_of_INT1_SetInterruptHandler         text5        001354
__end_of_INT2_SetInterruptHandler         text4        00134A
__end_of_INTERRUPT_Initialize             text3        0011DA
__end_of_INTERRUPT_InterruptManager       intcode      000086
__end_of_My_I2C_SlaveSetReadIntHandler    text28       0013DA
__end_of_PIN_MANAGER_Initialize           text2        001208
__end_of_SYSTEM_Initialize                text1        001340
__end_of__initialization                  cinit        0012BC
__end_of_main                             text0        0011A6
__initialization                          cinit        0012B0
__mediumconst                             mediumconst  000000
__pbssCOMRAM                              bssCOMRAM    000001
__pcinit                                  cinit        0012B0
__pcstackCOMRAM                           cstackCOMRAM 000012
__pintcode                                intcode      000008
__pnvCOMRAM                               nvCOMRAM     00001A
__psmallconst                             smallconst   001000
__ptext0                                  text0        00115C
__ptext1                                  text1        00132E
__ptext10                                 text10       001368
__ptext11                                 text11       001372
__ptext12                                 text12       0013A4
__ptext13                                 text13       0013AC
__ptext14                                 text14       00137C
__ptext15                                 text15       001386
__ptext16                                 text16       001390
__ptext17                                 text17       00139A
__ptext18                                 text18       001292
__ptext19                                 text19       0013DA
__ptext2                                  text2        0011DA
__ptext21                                 text21       001002
__ptext22                                 text22       001208
__ptext23                                 text23       0013B4
__ptext24                                 text24       0013BC
__ptext25                                 text25       0013DE
__ptext26                                 text26       001236
__ptext27                                 text27       0013C4
__ptext28                                 text28       0013D4
__ptext29                                 text29       0012DE
__ptext3                                  text3        0011A6
__ptext30                                 text30       0012F2
__ptext31                                 text31       001306
__ptext32                                 text32       00131A
__ptext33                                 text33       0013E2
__ptext34                                 text34       001264
__ptext35                                 text35       0013CC
__ptext36                                 text36       0013E6
__ptext37                                 text37       000000
__ptext4                                  text4        001340
__ptext5                                  text5        00134A
__ptext6                                  text6        001354
__ptext7                                  text7        0012CA
__ptext8                                  text8        00135E
__ptext9                                  text9        0010FE
__ramtop                                  ramtop       001000
__smallconst                              smallconst   001000
_i2cRdData                                bssCOMRAM    00000F
_i2cSlaveAddr                             bssCOMRAM    00000E
_i2cSlaveState                            bssCOMRAM    00000D
_i2cWrData                                bssCOMRAM    000010
_main                                     text0        00115C
btemp                                     temp         000020
end_of_initialization                     cinit        0012BC
int$flags                                 temp         000020
intlevel0                                 text         000000
intlevel1                                 text         000000
intlevel2                                 text         000000
intlevel3                                 text         000000
isa$std                                   (abs)        000001
isa$xinst                                 (abs)        000000
stackhi                                   (abs)        000000
stacklo                                   (abs)        000000
start                                     init         000086
start_initialization                      cinit        0012B0
ttemp5                                    temp         000021
ttemp6                                    temp         000024
ttemp7                                    temp         000028
wtemp8                                    temp         000021


MODULE INFORMATION

Module		Function		Class		Link	Load	Size
mcc_generated_files/i2c_client/i2c_slave.c
		_I2C_SlaveDefRdInterruptHandler		CODE           	13C4	0000	8
		_I2C_SlaveDefWrInterruptHandler		CODE           	13B4	0000	8
		_I2C_SlaveSetWrColIntHandler		CODE           	1372	0000	10
		_I2C_SlaveSetWriteIntHandler		CODE           	1368	0000	10
		_I2C_SlaveOpen 		CODE           	1292	0000	30
		_I2C_SlaveSetSlaveAddr		CODE           	13AC	0000	8
		_I2C_SlaveIsRxBufFull		CODE           	12F2	0000	20
		_I2C_SlaveClearIrq		CODE           	13E2	0000	4
		_I2C_SlaveGetRxData		CODE           	13E6	0000	4
		_I2C_SlaveSetSlaveMask		CODE           	13A4	0000	8
		_I2C_Isr       		CODE           	1002	0000	252
		_I2C_SlaveDefAddrInterruptHandler		CODE           	13CC	0000	8
		_I2C_Open      		CODE           	10FE	0000	94
		_I2C_SlaveIsRead		CODE           	1306	0000	20
		_I2C_SlaveSetIsrHandler		CODE           	1386	0000	10
		_I2C_SlaveIsAddr		CODE           	131A	0000	20
		_I2C_SlaveSetBusColIntHandler		CODE           	1390	0000	10
		_I2C_SlaveEnableIrq		CODE           	13DA	0000	4
		_I2C_SlaveSendTxData		CODE           	13BC	0000	8
		_I2C_SlaveRdCallBack		CODE           	1236	0000	46
		_I2C_SlaveWrCallBack		CODE           	1208	0000	46
		_I2C_SlaveSetReadIntHandler		CODE           	137C	0000	10
		_I2C_SlaveAddrCallBack		CODE           	1264	0000	46
		_I2C_Initialize		CODE           	12CA	0000	20
		_I2C_SlaveIsTxBufEmpty		CODE           	12DE	0000	20
		_I2C_SlaveSetAddrIntHandler		CODE           	139A	0000	10
		_I2C_SlaveReleaseClock		CODE           	13DE	0000	4

mcc_generated_files/i2c_client/i2c_slave.c estimated size: 738

mcc_generated_files/system/src/interrupt.c
		_INT0_SetInterruptHandler		CODE           	1354	0000	10
		_INT1_SetInterruptHandler		CODE           	134A	0000	10
		_INT2_SetInterruptHandler		CODE           	1340	0000	10
		_INTERRUPT_Initialize		CODE           	11A6	0000	52
		_INTERRUPT_InterruptManager		CODE           	0008	0000	126

mcc_generated_files/system/src/interrupt.c estimated size: 208

mcc_generated_files/system/src/pins.c
		_PIN_MANAGER_Initialize		CODE           	11DA	0000	46

mcc_generated_files/system/src/pins.c estimated size: 46

shared
		__initialization		CODE           	12B0	0000	12

shared estimated size: 12

mcc_generated_files/system/src/clock.c
		_CLOCK_Initialize		CODE           	135E	0000	10

mcc_generated_files/system/src/clock.c estimated size: 10

main.c
		_My_I2C_SlaveSetReadIntHandler		CODE           	13D4	0000	6
		_main          		CODE           	115C	0000	74

main.c estimated size: 80

mcc_generated_files/system/src/system.c
		_SYSTEM_Initialize		CODE           	132E	0000	18

mcc_generated_files/system/src/system.c estimated size: 18

