Microchip MPLAB XC8 Compiler V2.45

Linker command line:

-W-3 \
  --edf=C:/Users/Dubai Store/.mchp_packs/Microchip/PIC18F-K_DFP/1.13.292/xc8\pic\dat\20231012153220_en.msgs \
  -cn -h+dist/default/debug\Smart_Home.X.debug.sym \
  --cmf=dist/default/debug\Smart_Home.X.debug.cmf -z -Q18F46K20 \
  -oC:\Users\DUBAIS~1\AppData\Local\Temp\xcAs1l4.\driver_tmp_3.o \
  --defsym=__MPLAB_BUILD=1 --fixupoverflow=error \
  -Mdist/default/debug/Smart_Home.X.debug.map \
  --md=C:\Users\DUBAIS~1\AppData\Local\Temp\xcAs1l4.\driver_tmp_0.dat -E1 \
  -ver=XC8 Compiler --acfsm=1493 -ACODE=00h-0FFFFh -ACONST=00h-0FFFFh \
  -ASMALLCONST=01000h-010FFhx240 -AMEDIUMCONST=01000h-0FFFFh \
  -ACOMRAM=01h-05Fh -AABS1=00h-0F5Fh -ABIGRAM=01h-0F5Fh \
  -ARAM=060h-0FFh,0100h-01FFhx14,0F00h-0F5Fh -ABANK0=060h-0FFh \
  -ABANK1=0100h-01FFh -ABANK2=0200h-02FFh -ABANK3=0300h-03FFh \
  -ABANK4=0400h-04FFh -ABANK5=0500h-05FFh -ABANK6=0600h-06FFh \
  -ABANK7=0700h-07FFh -ABANK8=0800h-08FFh -ABANK9=0900h-09FFh \
  -ABANK10=0A00h-0AFFh -ABANK11=0B00h-0BFFh -ABANK12=0C00h-0CFFh \
  -ABANK13=0D00h-0DFFh -ABANK14=0E00h-0EFFh -ABANK15=0F00h-0F5Fh \
  -ASFR=0F60h-0FFFh -ABIGSFR=0F60h-0FFFh -ACONFIG=0300000h-030000Dh \
  -AIDLOC=0200000h-0200007h -AEEDATA=0F00000h-0F003FFh -peeprom_data=EEDATA \
  -preset_vec=00h,intcode=08h,intcodelo,powerup,init -pramtop=01000h \
  -psmallconst=SMALLCONST -pmediumconst=MEDIUMCONST -pconst=CONST \
  -AFARRAM=00h-00h \
  -prdata=COMRAM,nvrram=COMRAM,nvbit=COMRAM,rbss=COMRAM,rbit=COMRAM \
  -pfarbss=FARRAM,fardata=FARRAM,nvFARRAM=FARRAM \
  -pintsave_regs=BIGRAM,bigbss=BIGRAM,bigdata=BIGRAM -pbss=RAM \
  -pidata=CODE,irdata=CODE,ibigdata=CODE,ifardata=CODE -prparam=COMRAM \
  C:\Users\DUBAIS~1\AppData\Local\Temp\xcAs1l4.\driver_tmp_14.o \
  dist/default/debug\Smart_Home.X.debug.o 

Object code version is 3.11

Machine type is 18F46K20



                Name                               Link     Load   Length Selector   Space Scale
C:\Users\DUBAIS~1\AppData\Local\Temp\xcAs1l4.\driver_tmp_14.o
                config                           300000   300000        E        0       4
                init                                 B6       B6        4        4       0
                reset_vec                             0        0        4        0       0
dist/default/debug\Smart_Home.X.debug.o
                intcode                               8        8       AE        4       0
                config                           300000   300000        E        0       4
                temp                                 5D       5D        1        1       1
                smallconst                         1000     1000       84      800       0
                text95                             23C2     23C2        4      842       0
                text94                             23BE     23BE        4      842       0
                text93                             20FA     20FA       24      842       0
                text92                             1C62     1C62       66      842       0
                text91                             2202     2202       18      842       0
                text90                             2082     2082       2C      842       0
                text89                             23BA     23BA        4      842       0
                text88                             23B6     23B6        4      842       0
                text87                             2056     2056       2C      842       0
                text86                             202A     202A       2C      842       0
                text85                             1FFE     1FFE       2C      842       0
                text84                             1DB2     1DB2       42      842       0
                text83                             23B2     23B2        4      842       0
                text82                             2384     2384        6      842       0
                text81                             23AE     23AE        4      842       0
                text80                             237E     237E        6      842       0
                text79                             236A     236A        8      842       0
                text78                             222E     222E       14      842       0
                text77                             23AA     23AA        4      842       0
                text76                             1968     1968       7C      842       0
                text75                             22E4     22E4        C      842       0
                text74                             22AE     22AE       10      842       0
                text73                             22BE     22BE        E      842       0
                text72                             1418     1418       C4      842       0
                text71                             17A6     17A6       A6      842       0
                text70                             22D8     22D8        C      842       0
                text69                             2362     2362        8      842       0
                text68                             235A     235A        8      842       0
                text67                             2352     2352        8      842       0
                text66                             234A     234A        8      842       0
                text65                             2342     2342        8      842       0
                text64                             233A     233A        8      842       0
                text63                             2332     2332        8      842       0
                text62                             22CC     22CC        C      842       0
                text61                             1BFC     1BFC       66      842       0
                text60                             23A6     23A6        4      842       0
                text59                             1A54     1A54       6E      842       0
                text58                             2378     2378        6      842       0
                text56                             20AE     20AE       28      842       0
                text55                             232A     232A        8      842       0
                text54                             1D20     1D20       50      842       0
                text53                             18EA     18EA       7E      842       0
                text52                             1F76     1F76       30      842       0
                text51                             1354     1354       C4      842       0
                text50                             164C     164C       B0      842       0
                text49                             1F12     1F12       34      842       0
                text48                             23C6     23C6        2      842       0
                text47                             16FC     16FC       AA      842       0
                text46                             1084     1084      2D0      842       0
                text45                             1E34     1E34       40      842       0
                text44                             1EDE     1EDE       34      842       0
                text43                             1FD2     1FD2       2C      842       0
                text42                             1594     1594       B8      842       0
                text41                             1AC2     1AC2       6C      842       0
                text40                             14DC     14DC       B8      842       0
                text39                             23A2     23A2        4      842       0
                text38                             239E     239E        4      842       0
                text37                             239A     239A        4      842       0
                text36                             1FA6     1FA6       2C      842       0
                text35                             2396     2396        4      842       0
                text34                             1DF4     1DF4       40      842       0
                text33                             2322     2322        8      842       0
                text32                             2392     2392        4      842       0
                text31                             2140     2140       22      842       0
                text30                             2318     2318        A      842       0
                text29                             184C     184C       9E      842       0
                text28                             1B96     1B96       66      842       0
                text27                             21EA     21EA       18      842       0
                text26                             20D6     20D6       24      842       0
                text25                             21D2     21D2       18      842       0
                text24                             19E4     19E4       70      842       0
                text23                             229C     229C       12      842       0
                text22                             228A     228A       12      842       0
                text21                             2278     2278       12      842       0
                text20                             2266     2266       12      842       0
                text19                             2254     2254       12      842       0
                text18                             2242     2242       12      842       0
                text17                             1B2E     1B2E       68      842       0
                text16                             1CC8     1CC8       58      842       0
                text15                             21BA     21BA       18      842       0
                text14                             230E     230E        A      842       0
                text13                             219E     219E       1C      842       0
                text12                             2182     2182       1C      842       0
                text11                             1E74     1E74       36      842       0
                text10                             238E     238E        4      842       0
                text9                              221A     221A       14      842       0
                text8                              2304     2304        A      842       0
                text7                              22FA     22FA        A      842       0
                text6                              22F0     22F0        A      842       0
                text5                              1EAA     1EAA       34      842       0
                text4                              238A     238A        4      842       0
                text3                              2372     2372        6      842       0
                text2                              1F46     1F46       30      842       0
                text1                              2162     2162       20      842       0
                text0                              1D70     1D70       42      842       0
                cstackCOMRAM                          1        1       40        1       1
                bssBANK0                             60       60       50       60       1
                bssCOMRAM                            41       41       1C        1       1
                cinit                              211E     211E       22      842       0

TOTAL           Name                               Link     Load   Length     Space
        CLASS   CODE           
                intcode                               8        8       AE         0
                init                                 B6       B6        4         0
                reset_vec                             0        0        4         0
                text95                             23C2     23C2        4         0
                text94                             23BE     23BE        4         0
                text93                             20FA     20FA       24         0
                text92                             1C62     1C62       66         0
                text91                             2202     2202       18         0
                text90                             2082     2082       2C         0
                text89                             23BA     23BA        4         0
                text88                             23B6     23B6        4         0
                text87                             2056     2056       2C         0
                text86                             202A     202A       2C         0
                text85                             1FFE     1FFE       2C         0
                text84                             1DB2     1DB2       42         0
                text83                             23B2     23B2        4         0
                text82                             2384     2384        6         0
                text81                             23AE     23AE        4         0
                text80                             237E     237E        6         0
                text79                             236A     236A        8         0
                text78                             222E     222E       14         0
                text77                             23AA     23AA        4         0
                text76                             1968     1968       7C         0
                text75                             22E4     22E4        C         0
                text74                             22AE     22AE       10         0
                text73                             22BE     22BE        E         0
                text72                             1418     1418       C4         0
                text71                             17A6     17A6       A6         0
                text70                             22D8     22D8        C         0
                text69                             2362     2362        8         0
                text68                             235A     235A        8         0
                text67                             2352     2352        8         0
                text66                             234A     234A        8         0
                text65                             2342     2342        8         0
                text64                             233A     233A        8         0
                text63                             2332     2332        8         0
                text62                             22CC     22CC        C         0
                text61                             1BFC     1BFC       66         0
                text60                             23A6     23A6        4         0
                text59                             1A54     1A54       6E         0
                text58                             2378     2378        6         0
                text56                             20AE     20AE       28         0
                text55                             232A     232A        8         0
                text54                             1D20     1D20       50         0
                text53                             18EA     18EA       7E         0
                text52                             1F76     1F76       30         0
                text51                             1354     1354       C4         0
                text50                             164C     164C       B0         0
                text49                             1F12     1F12       34         0
                text48                             23C6     23C6        2         0
                text47                             16FC     16FC       AA         0
                text46                             1084     1084      2D0         0
                text45                             1E34     1E34       40         0
                text44                             1EDE     1EDE       34         0
                text43                             1FD2     1FD2       2C         0
                text42                             1594     1594       B8         0
                text41                             1AC2     1AC2       6C         0
                text40                             14DC     14DC       B8         0
                text39                             23A2     23A2        4         0
                text38                             239E     239E        4         0
                text37                             239A     239A        4         0
                text36                             1FA6     1FA6       2C         0
                text35                             2396     2396        4         0
                text34                             1DF4     1DF4       40         0
                text33                             2322     2322        8         0
                text32                             2392     2392        4         0
                text31                             2140     2140       22         0
                text30                             2318     2318        A         0
                text29                             184C     184C       9E         0
                text28                             1B96     1B96       66         0
                text27                             21EA     21EA       18         0
                text26                             20D6     20D6       24         0
                text25                             21D2     21D2       18         0
                text24                             19E4     19E4       70         0
                text23                             229C     229C       12         0
                text22                             228A     228A       12         0
                text21                             2278     2278       12         0
                text20                             2266     2266       12         0
                text19                             2254     2254       12         0
                text18                             2242     2242       12         0
                text17                             1B2E     1B2E       68         0
                text16                             1CC8     1CC8       58         0
                text15                             21BA     21BA       18         0
                text14                             230E     230E        A         0
                text13                             219E     219E       1C         0
                text12                             2182     2182       1C         0
                text11                             1E74     1E74       36         0
                text10                             238E     238E        4         0
                text9                              221A     221A       14         0
                text8                              2304     2304        A         0
                text7                              22FA     22FA        A         0
                text6                              22F0     22F0        A         0
                text5                              1EAA     1EAA       34         0
                text4                              238A     238A        4         0
                text3                              2372     2372        6         0
                text2                              1F46     1F46       30         0
                text1                              2162     2162       20         0
                text0                              1D70     1D70       42         0
                cinit                              211E     211E       22         0

        CLASS   CONST          

        CLASS   SMALLCONST     
                smallconst                         1000     1000       84         0

        CLASS   MEDIUMCONST    

        CLASS   COMRAM         
                temp                                 5D       5D        1         1
                cstackCOMRAM                          1        1       40         1
                bssCOMRAM                            41       41       1C         1

        CLASS   ABS1           

        CLASS   BIGRAM         

        CLASS   RAM            

        CLASS   BANK0          
                bssBANK0                             60       60       50         1

        CLASS   BANK1          

        CLASS   BANK2          

        CLASS   BANK3          

        CLASS   BANK4          

        CLASS   BANK5          

        CLASS   BANK6          

        CLASS   BANK7          

        CLASS   BANK8          

        CLASS   BANK9          

        CLASS   BANK10         

        CLASS   BANK11         

        CLASS   BANK12         

        CLASS   BANK13         

        CLASS   BANK14         

        CLASS   BANK15         

        CLASS   SFR            

        CLASS   BIGSFR         

        CLASS   CONFIG         
                config                           300000   300000        E         4

        CLASS   IDLOC          

        CLASS   EEDATA         

        CLASS   FARRAM         

        CLASS   HEAP           

        CLASS   STACK          



SEGMENTS        Name                           Load    Length   Top    Selector   Space  Class

                reset_vec                      000000  000004  000004         0       0  CODE    
                cstackCOMRAM                   000001  00005D  00005E         1       1  COMRAM  
                intcode                        000008  0000B2  0000BA         4       0  CODE    
                bssBANK0                       000060  000050  0000B0        60       1  BANK0   
                smallconst                     001000  000084  001084       800       0  SMALLCON
                text46                         001084  001344  0023C8       842       0  CODE    


UNUSED ADDRESS RANGES

        Name                Unused          Largest block    Delta
        BANK0            0000B0-0000FF               50
        BANK1            000100-0001FF              100
        BANK10           000A00-000AFF              100
        BANK11           000B00-000BFF              100
        BANK12           000C00-000CFF              100
        BANK13           000D00-000DFF              100
        BANK14           000E00-000EFF              100
        BANK15           000F00-000F5F               60
        BANK2            000200-0002FF              100
        BANK3            000300-0003FF              100
        BANK4            000400-0004FF              100
        BANK5            000500-0005FF              100
        BANK6            000600-0006FF              100
        BANK7            000700-0007FF              100
        BANK8            000800-0008FF              100
        BANK9            000900-0009FF              100
        BIGRAM           00005E-00005F                2
                         0000B0-000F5F              EB0
        BIGSFR           000F60-000FFF               A0
        CODE             000004-000007                4
                         0000BA-000FFF              F46
                         0023C8-00FFFF             DC38
        COMRAM           00005E-00005F                2
        CONST            000004-000007                4
                         0000BA-000FFF              F46
                         0023C8-00FFFF             DC38
        EEDATA           F00000-F003FF              400
        IDLOC            200000-200007                8
        MEDIUMCONST      0023C8-00FFFF             DC38
        RAM              0000B0-000F5F              100
        SFR              000F60-000FFF               A0
        SMALLCONST       0023C8-00FFFF              100

                                  Symbol Table

?_Get_time_And_Date                                 cstackCOMRAM 000020
?___awdiv                                           cstackCOMRAM 000011
?___awmod                                           cstackCOMRAM 000011
?_abs                                               cstackCOMRAM 000017
?_sprintf                                           cstackCOMRAM 00002C
?_strlen                                            cstackCOMRAM 000011
?_vfprintf                                          cstackCOMRAM 000028
EUSART_FramingErrorCallbackRegister@callbackHandler cstackCOMRAM 000011
EUSART_OverrunErrorCallbackRegister@callbackHandler cstackCOMRAM 000011
EUSART_Send_String@i                                cstackCOMRAM 000019
EUSART_Send_String@str                              cstackCOMRAM 000015
EUSART_Write@txData                                 cstackCOMRAM 000011
Get_days@address                                    cstackCOMRAM 00001E
Get_days@days                                       cstackCOMRAM 00001F
Get_days@reg                                        cstackCOMRAM 00001D
Get_hours@address                                   cstackCOMRAM 00001E
Get_hours@hours                                     cstackCOMRAM 00001F
Get_hours@reg                                       cstackCOMRAM 00001D
Get_minutes@address                                 cstackCOMRAM 00001E
Get_minutes@minutes                                 cstackCOMRAM 00001F
Get_minutes@reg                                     cstackCOMRAM 00001D
Get_months@address                                  cstackCOMRAM 00001E
Get_months@months                                   cstackCOMRAM 00001F
Get_months@reg                                      cstackCOMRAM 00001D
Get_seconds@address                                 cstackCOMRAM 00001E
Get_seconds@reg                                     cstackCOMRAM 00001D
Get_seconds@seconds                                 cstackCOMRAM 00001F
Get_years@address                                   cstackCOMRAM 00001E
Get_years@reg                                       cstackCOMRAM 00001D
Get_years@years                                     cstackCOMRAM 00001F
I2C_Close@returnValue                               cstackCOMRAM 000011
I2C_MasterOperation@read                            cstackCOMRAM 000011
I2C_MasterOperation@returnValue                     cstackCOMRAM 000012
I2C_MasterSendTxData@data                           cstackCOMRAM 000001
I2C_Open@address                                    cstackCOMRAM 000013
I2C_Open@returnValue                                cstackCOMRAM 000014
I2C_Read1ByteRegister@address                       cstackCOMRAM 00001B
I2C_Read1ByteRegister@reg                           cstackCOMRAM 00001A
I2C_Read1ByteRegister@returnValue                   cstackCOMRAM 00001C
I2C_SetAddressNackCallback@cb                       cstackCOMRAM 000016
I2C_SetAddressNackCallback@ptr                      cstackCOMRAM 000018
I2C_SetBuffer@buffer                                cstackCOMRAM 000011
I2C_SetBuffer@bufferSize                            cstackCOMRAM 000013
I2C_SetCallback@cb                                  cstackCOMRAM 000011
I2C_SetCallback@idx                                 cstackCOMRAM 000015
I2C_SetCallback@ptr                                 cstackCOMRAM 000013
I2C_SetDataCompleteCallback@cb                      cstackCOMRAM 000016
I2C_SetDataCompleteCallback@ptr                     cstackCOMRAM 000018
I2C_SetInterruptHandler@InterruptHandler            cstackCOMRAM 000011
I2C_Write1Byte@address                              cstackCOMRAM 00001B
I2C_Write1Byte@reg                                  cstackCOMRAM 00001A
INT0_SetInterruptHandler@InterruptHandler           cstackCOMRAM 000011
INT1_SetInterruptHandler@InterruptHandler           cstackCOMRAM 000011
INT2_SetInterruptHandler@InterruptHandler           cstackCOMRAM 000011
Read_Temperature@address                            cstackCOMRAM 00001E
Read_Temperature@temp                               cstackCOMRAM 00001F
Read_Temperature@temp_data                          cstackCOMRAM 00001D
_ANSELH                                             (abs)        000F7F
_BAUDCON                                            (abs)        000FB8
_BAUDCONbits                                        (abs)        000FB8
_CLOCK_Initialize                                   text14       00230E
_DS1307_obj                                         bssBANK0     0000A4
_DS1307_obj@DS1307$F91                              bssBANK0     0000AA
_EEADR                                              (abs)        000FA9
_EECON1bits                                         (abs)        000FA6
_EECON2                                             (abs)        000FA7
_EEDATA                                             (abs)        000FA8
_EUSART_AutoBaudQuery                               (abs)        000000
_EUSART_AutoBaudSet                                 (abs)        000000
_EUSART_DefaultFramingErrorCallback                 (abs)        000000
_EUSART_DefaultOverrunErrorCallback                 (abs)        000000
_EUSART_Deinitialize                                (abs)        000000
_EUSART_ErrorGet                                    (abs)        000000
_EUSART_FramingErrorCallbackRegister                text13       00219E
_EUSART_FramingErrorHandler                         bssCOMRAM    000047
_EUSART_Initialize                                  text11       001E74
_EUSART_IsRxReady                                   (abs)        000000
_EUSART_IsTxDone                                    (abs)        000000
_EUSART_IsTxReady                                   text56       0020AE
_EUSART_IsTxReady$2097                              cstackCOMRAM 000011
_EUSART_OverrunErrorCallbackRegister                text12       002182
_EUSART_OverrunErrorHandler                         bssCOMRAM    000045
_EUSART_Read                                        (abs)        000000
_EUSART_ReceiveEnable                               text10       00238E
_EUSART_Send_Date                                   text42       001594
_EUSART_Send_String                                 text53       0018EA
_EUSART_Send_Temp                                   text41       001AC2
_EUSART_Send_Time                                   text40       0014DC
_EUSART_TransmitDisable                             (abs)        000000
_EUSART_TransmitEnable                              (abs)        000000
_EUSART_Write                                       text55       00232A
_Get_days                                           text23       00229C
_Get_hours                                          text22       00228A
_Get_minutes                                        text21       002278
_Get_months                                         text20       002266
_Get_seconds                                        text19       002254
_Get_time_And_Date                                  text17       001B2E
_Get_years                                          text18       002242
_I2C_CallbackReturnReset                            text88       0023B6
_I2C_CallbackReturnStop                             text89       0023BA
_I2C_Close                                          text36       001FA6
_I2C_DO_ADDRESS_NACK                                text61       001BFC
_I2C_DO_IDLE                                        text75       0022E4
_I2C_DO_RCEN                                        text70       0022D8
_I2C_DO_RESET                                       text62       0022CC
_I2C_DO_RX                                          text71       0017A6
_I2C_DO_RX_ACK                                      text65       002342
_I2C_DO_RX_NACK_RESTART                             text63       002332
_I2C_DO_RX_NACK_STOP                                text64       00233A
_I2C_DO_SEND_ADR_READ                               text74       0022AE
_I2C_DO_SEND_ADR_WRITE                              text73       0022BE
_I2C_DO_SEND_RESTART                                text67       002352
_I2C_DO_SEND_RESTART_READ                           text69       002362
_I2C_DO_SEND_RESTART_WRITE                          text68       00235A
_I2C_DO_SEND_STOP                                   text66       00234A
_I2C_DO_TX                                          text72       001418
_I2C_DO_TX_EMPTY                                    text76       001968
_I2C_Initialize                                     text9        00221A
_I2C_MasterClearIrq                                 text39       0023A2
_I2C_MasterClose                                    text38       00239E
_I2C_MasterDisableIrq                               text37       00239A
_I2C_MasterEnableIrq                                text32       002392
_I2C_MasterEnableRestart                            text95       0023C2
_I2C_MasterFsm                                      text59       001A54
_I2C_MasterGetRxData                                text81       0023AE
_I2C_MasterIsNack                                   text78       00222E
_I2C_MasterIsr                                      text58       002378
_I2C_MasterOpen                                     text31       002140
_I2C_MasterOperation                                text34       001DF4
_I2C_MasterSendAck                                  text80       00237E
_I2C_MasterSendNack                                 text82       002384
_I2C_MasterSendTxData                               text79       00236A
_I2C_MasterSetIrq                                   text77       0023AA
_I2C_MasterStart                                    text35       002396
_I2C_MasterStartRx                                  text83       0023B2
_I2C_MasterStop                                     text94       0023BE
_I2C_MasterWrite                                    text33       002322
_I2C_Open                                           text29       00184C
_I2C_Read1ByteRegister                              text24       0019E4
_I2C_SetAddressNackCallback                         text27       0021EA
_I2C_SetBuffer                                      text26       0020D6
_I2C_SetCallback                                    text28       001B96
_I2C_SetDataCompleteCallback                        text25       0021D2
_I2C_SetInterruptHandler                            text30       002318
_I2C_Status                                         bssBANK0     000060
_I2C_Write1Byte                                     text16       001CC8
_INT0_DefaultInterruptHandler                       (abs)        000000
_INT0_InterruptHandler                              bssCOMRAM    00004F
_INT0_SetInterruptHandler                           text8        002304
_INT1_DefaultInterruptHandler                       (abs)        000000
_INT1_InterruptHandler                              bssCOMRAM    00004D
_INT1_SetInterruptHandler                           text7        0022FA
_INT2_DefaultInterruptHandler                       (abs)        000000
_INT2_InterruptHandler                              bssCOMRAM    00004B
_INT2_SetInterruptHandler                           text6        0022F0
_INTCON2bits                                        (abs)        000FF1
_INTCON3bits                                        (abs)        000FF0
_INTCONbits                                         (abs)        000FF2
_INTERRUPT_Initialize                               text5        001EAA
_INTERRUPT_InterruptManagerHigh                     intcode      000008
_IOCB                                               (abs)        000F7D
_LATA                                               (abs)        000F89
_LATB                                               (abs)        000F8A
_LATC                                               (abs)        000F8B
_LATD                                               (abs)        000F8C
_LATE                                               (abs)        000F8D
_MSSP_InterruptHandler                              bssCOMRAM    000051
_NVM_Initialize                                     text3        002372
_NVM_StatusClear                                    text4        00238A
_OSCCON                                             (abs)        000FD3
_OSCTUNE                                            (abs)        000F9B
_PIE1bits                                           (abs)        000F9D
_PIE2bits                                           (abs)        000FA0
_PIN_MANAGER_Initialize                             text2        001F46
_PIR1bits                                           (abs)        000F9E
_PIR2bits                                           (abs)        000FA1
_RCONbits                                           (abs)        000FD0
_RCREG                                              (abs)        000FAE
_RCSTA                                              (abs)        000FAB
_RCSTAbits                                          (abs)        000FAB
_Read_Temperature                                   text15       0021BA
_SPBRG                                              (abs)        000FAF
_SPBRGH                                             (abs)        000FB0
_SSPADD                                             (abs)        000FC8
_SSPBUF                                             (abs)        000FC9
_SSPCON1                                            (abs)        000FC6
_SSPCON1bits                                        (abs)        000FC6
_SSPCON2                                            (abs)        000FC5
_SSPCON2bits                                        (abs)        000FC5
_SSPSTAT                                            (abs)        000FC7
_SSPSTATbits                                        (abs)        000FC7
_SYSTEM_Initialize                                  text1        002162
_TABLAT                                             (abs)        000FF5
_TBLPTRH                                            (abs)        000FF7
_TBLPTRL                                            (abs)        000FF6
_TBLPTRU                                            (abs)        000FF8
_TC74_Temp                                          bssCOMRAM    000055
_TRISA                                              (abs)        000F92
_TRISB                                              (abs)        000F93
_TRISC                                              (abs)        000F94
_TRISD                                              (abs)        000F95
_TRISDbits                                          (abs)        000F95
_TRISE                                              (abs)        000F96
_TXREG                                              (abs)        000FAD
_TXSTA                                              (abs)        000FAC
_TXSTAbits                                          (abs)        000FAC
_UART1                                              smallconst   001001
_WPUB                                               (abs)        000F7C
__HRAM                                              (abs)        000000
__H__absolute__                                     __absolute__ 000000
__Habs1                                             abs1         000000
__Hbank0                                            bank0        000000
__Hbank1                                            bank1        000000
__Hbank10                                           bank10       000000
__Hbank11                                           bank11       000000
__Hbank12                                           bank12       000000
__Hbank13                                           bank13       000000
__Hbank14                                           bank14       000000
__Hbank15                                           bank15       000000
__Hbank2                                            bank2        000000
__Hbank3                                            bank3        000000
__Hbank4                                            bank4        000000
__Hbank5                                            bank5        000000
__Hbank6                                            bank6        000000
__Hbank7                                            bank7        000000
__Hbank8                                            bank8        000000
__Hbank9                                            bank9        000000
__Hbigbss                                           bigbss       000000
__Hbigdata                                          bigdata      000000
__Hbigram                                           bigram       000000
__Hbigsfr                                           bigsfr       000000
__Hbss                                              bss          000000
__HbssBANK0                                         bssBANK0     000000
__HbssCOMRAM                                        bssCOMRAM    000000
__Hcinit                                            cinit        000000
__Hclrtext                                          clrtext      000000
__Hcomram                                           comram       000000
__Hconfig                                           config       30000E
__Hconst                                            const        000000
__HcstackCOMRAM                                     cstackCOMRAM 000000
__Hdata                                             data         000000
__Heeprom_data                                      eeprom_data  000000
__Hfarbss                                           farbss       000000
__Hfardata                                          fardata      000000
__Hheap                                             heap         000000
__Hibigdata                                         ibigdata     000000
__Hidata                                            idata        000000
__Hidloc                                            idloc        000000
__Hifardata                                         ifardata     000000
__Hinit                                             init         0000BA
__Hintcode                                          intcode      0000B6
__Hintcode_body                                     intcode_body 000000
__Hintcodelo                                        intcodelo    0000B6
__Hintentry                                         intentry     000000
__Hintret                                           intret       000000
__Hintsave_regs                                     intsave_regs 000000
__Hirdata                                           irdata       000000
__Hmediumconst                                      mediumconst  000000
__HnvFARRAM                                         nvFARRAM     000000
__Hnvbit                                            nvbit        000000
__Hnvrram                                           nvrram       000000
__Hparam                                            rparam       000000
__Hpowerup                                          powerup      0000B6
__Hram                                              ram          000000
__Hramtop                                           ramtop       001000
__Hrbit                                             rbit         000000
__Hrbss                                             rbss         000000
__Hrdata                                            rdata        000000
__Hreset_vec                                        reset_vec    000004
__Hrparam                                           rparam       000000
__Hsfr                                              sfr          000000
__Hsmallconst                                       smallconst   001084
__Hspace_0                                          (abs)        0023C8
__Hspace_1                                          (abs)        0000B0
__Hspace_2                                          (abs)        000000
__Hspace_4                                          (abs)        60000E
__Hstack                                            stack        000000
__Hstruct                                           struct       000000
__Htemp                                             temp         00005E
__Htext                                             text         000000
__Htext0                                            text0        000000
__Htext1                                            text1        000000
__Htext10                                           text10       000000
__Htext11                                           text11       000000
__Htext12                                           text12       000000
__Htext13                                           text13       000000
__Htext14                                           text14       000000
__Htext15                                           text15       000000
__Htext16                                           text16       000000
__Htext17                                           text17       000000
__Htext18                                           text18       000000
__Htext19                                           text19       000000
__Htext2                                            text2        000000
__Htext20                                           text20       000000
__Htext21                                           text21       000000
__Htext22                                           text22       000000
__Htext23                                           text23       000000
__Htext24                                           text24       000000
__Htext25                                           text25       000000
__Htext26                                           text26       000000
__Htext27                                           text27       000000
__Htext28                                           text28       000000
__Htext29                                           text29       000000
__Htext3                                            text3        000000
__Htext30                                           text30       000000
__Htext31                                           text31       000000
__Htext32                                           text32       000000
__Htext33                                           text33       000000
__Htext34                                           text34       000000
__Htext35                                           text35       000000
__Htext36                                           text36       000000
__Htext37                                           text37       000000
__Htext38                                           text38       000000
__Htext39                                           text39       000000
__Htext4                                            text4        000000
__Htext40                                           text40       000000
__Htext41                                           text41       000000
__Htext42                                           text42       000000
__Htext43                                           text43       000000
__Htext44                                           text44       000000
__Htext45                                           text45       000000
__Htext46                                           text46       000000
__Htext47                                           text47       000000
__Htext48                                           text48       000000
__Htext49                                           text49       000000
__Htext5                                            text5        000000
__Htext50                                           text50       000000
__Htext51                                           text51       000000
__Htext52                                           text52       000000
__Htext53                                           text53       000000
__Htext54                                           text54       000000
__Htext55                                           text55       000000
__Htext56                                           text56       000000
__Htext58                                           text58       000000
__Htext59                                           text59       000000
__Htext6                                            text6        000000
__Htext60                                           text60       000000
__Htext61                                           text61       000000
__Htext62                                           text62       000000
__Htext63                                           text63       000000
__Htext64                                           text64       000000
__Htext65                                           text65       000000
__Htext66                                           text66       000000
__Htext67                                           text67       000000
__Htext68                                           text68       000000
__Htext69                                           text69       000000
__Htext7                                            text7        000000
__Htext70                                           text70       000000
__Htext71                                           text71       000000
__Htext72                                           text72       000000
__Htext73                                           text73       000000
__Htext74                                           text74       000000
__Htext75                                           text75       000000
__Htext76                                           text76       000000
__Htext77                                           text77       000000
__Htext78                                           text78       000000
__Htext79                                           text79       000000
__Htext8                                            text8        000000
__Htext80                                           text80       000000
__Htext81                                           text81       000000
__Htext82                                           text82       000000
__Htext83                                           text83       000000
__Htext84                                           text84       000000
__Htext85                                           text85       000000
__Htext86                                           text86       000000
__Htext87                                           text87       000000
__Htext88                                           text88       000000
__Htext89                                           text89       000000
__Htext9                                            text9        000000
__Htext90                                           text90       000000
__Htext91                                           text91       000000
__Htext92                                           text92       000000
__Htext93                                           text93       000000
__Htext94                                           text94       000000
__Htext95                                           text95       000000
__Htext96                                           text96       000000
__LRAM                                              (abs)        000001
__L__absolute__                                     __absolute__ 000000
__Labs1                                             abs1         000000
__Lbank0                                            bank0        000000
__Lbank1                                            bank1        000000
__Lbank10                                           bank10       000000
__Lbank11                                           bank11       000000
__Lbank12                                           bank12       000000
__Lbank13                                           bank13       000000
__Lbank14                                           bank14       000000
__Lbank15                                           bank15       000000
__Lbank2                                            bank2        000000
__Lbank3                                            bank3        000000
__Lbank4                                            bank4        000000
__Lbank5                                            bank5        000000
__Lbank6                                            bank6        000000
__Lbank7                                            bank7        000000
__Lbank8                                            bank8        000000
__Lbank9                                            bank9        000000
__Lbigbss                                           bigbss       000000
__Lbigdata                                          bigdata      000000
__Lbigram                                           bigram       000000
__Lbigsfr                                           bigsfr       000000
__Lbss                                              bss          000000
__LbssBANK0                                         bssBANK0     000000
__LbssCOMRAM                                        bssCOMRAM    000000
__Lcinit                                            cinit        000000
__Lclrtext                                          clrtext      000000
__Lcomram                                           comram       000000
__Lconfig                                           config       000000
__Lconst                                            const        000000
__LcstackCOMRAM                                     cstackCOMRAM 000000
__Ldata                                             data         000000
__Leeprom_data                                      eeprom_data  000000
__Lfarbss                                           farbss       000000
__Lfardata                                          fardata      000000
__Lheap                                             heap         000000
__Libigdata                                         ibigdata     000000
__Lidata                                            idata        000000
__Lidloc                                            idloc        000000
__Lifardata                                         ifardata     000000
__Linit                                             init         0000B6
__Lintcode                                          intcode      000008
__Lintcode_body                                     intcode_body 000000
__Lintcodelo                                        intcodelo    0000B6
__Lintentry                                         intentry     000000
__Lintret                                           intret       000000
__Lintsave_regs                                     intsave_regs 000000
__Lirdata                                           irdata       000000
__Lmediumconst                                      mediumconst  000000
__LnvFARRAM                                         nvFARRAM     000000
__Lnvbit                                            nvbit        000000
__Lnvrram                                           nvrram       000000
__Lparam                                            rparam       000000
__Lpowerup                                          powerup      0000B6
__Lram                                              ram          000000
__Lramtop                                           ramtop       001000
__Lrbit                                             rbit         000000
__Lrbss                                             rbss         000000
__Lrdata                                            rdata        000000
__Lreset_vec                                        reset_vec    000000
__Lrparam                                           rparam       000000
__Lsfr                                              sfr          000000
__Lsmallconst                                       smallconst   001000
__Lspace_0                                          (abs)        000000
__Lspace_1                                          (abs)        000000
__Lspace_2                                          (abs)        000000
__Lspace_4                                          (abs)        000000
__Lstack                                            stack        000000
__Lstruct                                           struct       000000
__Ltemp                                             temp         00005D
__Ltext                                             text         000000
__Ltext0                                            text0        000000
__Ltext1                                            text1        000000
__Ltext10                                           text10       000000
__Ltext11                                           text11       000000
__Ltext12                                           text12       000000
__Ltext13                                           text13       000000
__Ltext14                                           text14       000000
__Ltext15                                           text15       000000
__Ltext16                                           text16       000000
__Ltext17                                           text17       000000
__Ltext18                                           text18       000000
__Ltext19                                           text19       000000
__Ltext2                                            text2        000000
__Ltext20                                           text20       000000
__Ltext21                                           text21       000000
__Ltext22                                           text22       000000
__Ltext23                                           text23       000000
__Ltext24                                           text24       000000
__Ltext25                                           text25       000000
__Ltext26                                           text26       000000
__Ltext27                                           text27       000000
__Ltext28                                           text28       000000
__Ltext29                                           text29       000000
__Ltext3                                            text3        000000
__Ltext30                                           text30       000000
__Ltext31                                           text31       000000
__Ltext32                                           text32       000000
__Ltext33                                           text33       000000
__Ltext34                                           text34       000000
__Ltext35                                           text35       000000
__Ltext36                                           text36       000000
__Ltext37                                           text37       000000
__Ltext38                                           text38       000000
__Ltext39                                           text39       000000
__Ltext4                                            text4        000000
__Ltext40                                           text40       000000
__Ltext41                                           text41       000000
__Ltext42                                           text42       000000
__Ltext43                                           text43       000000
__Ltext44                                           text44       000000
__Ltext45                                           text45       000000
__Ltext46                                           text46       000000
__Ltext47                                           text47       000000
__Ltext48                                           text48       000000
__Ltext49                                           text49       000000
__Ltext5                                            text5        000000
__Ltext50                                           text50       000000
__Ltext51                                           text51       000000
__Ltext52                                           text52       000000
__Ltext53                                           text53       000000
__Ltext54                                           text54       000000
__Ltext55                                           text55       000000
__Ltext56                                           text56       000000
__Ltext58                                           text58       000000
__Ltext59                                           text59       000000
__Ltext6                                            text6        000000
__Ltext60                                           text60       000000
__Ltext61                                           text61       000000
__Ltext62                                           text62       000000
__Ltext63                                           text63       000000
__Ltext64                                           text64       000000
__Ltext65                                           text65       000000
__Ltext66                                           text66       000000
__Ltext67                                           text67       000000
__Ltext68                                           text68       000000
__Ltext69                                           text69       000000
__Ltext7                                            text7        000000
__Ltext70                                           text70       000000
__Ltext71                                           text71       000000
__Ltext72                                           text72       000000
__Ltext73                                           text73       000000
__Ltext74                                           text74       000000
__Ltext75                                           text75       000000
__Ltext76                                           text76       000000
__Ltext77                                           text77       000000
__Ltext78                                           text78       000000
__Ltext79                                           text79       000000
__Ltext8                                            text8        000000
__Ltext80                                           text80       000000
__Ltext81                                           text81       000000
__Ltext82                                           text82       000000
__Ltext83                                           text83       000000
__Ltext84                                           text84       000000
__Ltext85                                           text85       000000
__Ltext86                                           text86       000000
__Ltext87                                           text87       000000
__Ltext88                                           text88       000000
__Ltext89                                           text89       000000
__Ltext9                                            text9        000000
__Ltext90                                           text90       000000
__Ltext91                                           text91       000000
__Ltext92                                           text92       000000
__Ltext93                                           text93       000000
__Ltext94                                           text94       000000
__Ltext95                                           text95       000000
__Ltext96                                           text96       000000
__S0                                                (abs)        0023C8
__S1                                                (abs)        0000B0
__S4                                                (abs)        000000
__S5                                                (abs)        000000
___awdiv                                            text51       001354
___awdiv@counter                                    cstackCOMRAM 000015
___awdiv@dividend                                   cstackCOMRAM 000011
___awdiv@divisor                                    cstackCOMRAM 000013
___awdiv@quotient                                   cstackCOMRAM 000017
___awdiv@sign                                       cstackCOMRAM 000016
___awmod                                            text50       00164C
___awmod@counter                                    cstackCOMRAM 000015
___awmod@dividend                                   cstackCOMRAM 000011
___awmod@divisor                                    cstackCOMRAM 000013
___awmod@sign                                       cstackCOMRAM 000016
___heap_hi                                          (abs)        000000
___heap_lo                                          (abs)        000000
___inthi_sp                                         stack        000000
___inthi_stack_hi                                   stack        000000
___inthi_stack_lo                                   stack        000000
___intlo_sp                                         stack        000000
___intlo_stack_hi                                   stack        000000
___intlo_stack_lo                                   stack        000000
___param_bank                                       (abs)        000000
___rparam_used                                      (abs)        000001
___sp                                               stack        000000
___stack_hi                                         stack        000000
___stack_lo                                         stack        000000
__accesstop                                         (abs)        000060
__activetblptr                                      (abs)        000003
__end_of_CLOCK_Initialize                           text14       002318
__end_of_EUSART_FramingErrorCallbackRegister        text13       0021BA
__end_of_EUSART_Initialize                          text11       001EAA
__end_of_EUSART_IsTxReady                           text56       0020D6
__end_of_EUSART_OverrunErrorCallbackRegister        text12       00219E
__end_of_EUSART_ReceiveEnable                       text10       002392
__end_of_EUSART_Send_Date                           text42       00164C
__end_of_EUSART_Send_String                         text53       001968
__end_of_EUSART_Send_Temp                           text41       001B2E
__end_of_EUSART_Send_Time                           text40       001594
__end_of_EUSART_Write                               text55       002332
__end_of_Get_days                                   text23       0022AE
__end_of_Get_hours                                  text22       00229C
__end_of_Get_minutes                                text21       00228A
__end_of_Get_months                                 text20       002278
__end_of_Get_seconds                                text19       002266
__end_of_Get_time_And_Date                          text17       001B96
__end_of_Get_years                                  text18       002254
__end_of_I2C_CallbackReturnReset                    text88       0023BA
__end_of_I2C_CallbackReturnStop                     text89       0023BE
__end_of_I2C_Close                                  text36       001FD2
__end_of_I2C_DO_ADDRESS_NACK                        text61       001C62
__end_of_I2C_DO_IDLE                                text75       0022F0
__end_of_I2C_DO_RCEN                                text70       0022E4
__end_of_I2C_DO_RESET                               text62       0022D8
__end_of_I2C_DO_RX                                  text71       00184C
__end_of_I2C_DO_RX_ACK                              text65       00234A
__end_of_I2C_DO_RX_NACK_RESTART                     text63       00233A
__end_of_I2C_DO_RX_NACK_STOP                        text64       002342
__end_of_I2C_DO_SEND_ADR_READ                       text74       0022BE
__end_of_I2C_DO_SEND_ADR_WRITE                      text73       0022CC
__end_of_I2C_DO_SEND_RESTART                        text67       00235A
__end_of_I2C_DO_SEND_RESTART_READ                   text69       00236A
__end_of_I2C_DO_SEND_RESTART_WRITE                  text68       002362
__end_of_I2C_DO_SEND_STOP                           text66       002352
__end_of_I2C_DO_TX                                  text72       0014DC
__end_of_I2C_DO_TX_EMPTY                            text76       0019E4
__end_of_I2C_Initialize                             text9        00222E
__end_of_I2C_MasterClearIrq                         text39       0023A6
__end_of_I2C_MasterClose                            text38       0023A2
__end_of_I2C_MasterDisableIrq                       text37       00239E
__end_of_I2C_MasterEnableIrq                        text32       002396
__end_of_I2C_MasterEnableRestart                    text95       0023C6
__end_of_I2C_MasterFsm                              text59       001AC2
__end_of_I2C_MasterGetRxData                        text81       0023B2
__end_of_I2C_MasterIsNack                           text78       002242
__end_of_I2C_MasterIsr                              text58       00237E
__end_of_I2C_MasterOpen                             text31       002162
__end_of_I2C_MasterOperation                        text34       001E34
__end_of_I2C_MasterSendAck                          text80       002384
__end_of_I2C_MasterSendNack                         text82       00238A
__end_of_I2C_MasterSendTxData                       text79       002372
__end_of_I2C_MasterSetIrq                           text77       0023AE
__end_of_I2C_MasterStart                            text35       00239A
__end_of_I2C_MasterStartRx                          text83       0023B6
__end_of_I2C_MasterStop                             text94       0023C2
__end_of_I2C_MasterWrite                            text33       00232A
__end_of_I2C_Open                                   text29       0018EA
__end_of_I2C_Read1ByteRegister                      text24       001A54
__end_of_I2C_SetAddressNackCallback                 text27       002202
__end_of_I2C_SetBuffer                              text26       0020FA
__end_of_I2C_SetCallback                            text28       001BFC
__end_of_I2C_SetDataCompleteCallback                text25       0021EA
__end_of_I2C_SetInterruptHandler                    text30       002322
__end_of_I2C_Write1Byte                             text16       001D20
__end_of_INT0_SetInterruptHandler                   text8        00230E
__end_of_INT1_SetInterruptHandler                   text7        002304
__end_of_INT2_SetInterruptHandler                   text6        0022FA
__end_of_INTERRUPT_Initialize                       text5        001EDE
__end_of_INTERRUPT_InterruptManagerHigh             intcode      0000B6
__end_of_NVM_Initialize                             text3        002378
__end_of_NVM_StatusClear                            text4        00238E
__end_of_PIN_MANAGER_Initialize                     text2        001F76
__end_of_Read_Temperature                           text15       0021D2
__end_of_SYSTEM_Initialize                          text1        002182
__end_of_UART1                                      smallconst   001031
__end_of___awdiv                                    text51       001418
__end_of___awmod                                    text50       0016FC
__end_of__initialization                            cinit        002136
__end_of_abs                                        text49       001F46
__end_of_convert_byte_to_str                        text43       001FFE
__end_of_fputc                                      text47       0017A6
__end_of_i2c_fsmStateTable                          smallconst   001051
__end_of_main                                       text0        001DB2
__end_of_memset                                     text52       001FA6
__end_of_putch                                      text48       0023C8
__end_of_rd1RegCompleteHandler                      text87       002082
__end_of_rd2RegCompleteHandler                      text86       002056
__end_of_rdBlkRegCompleteHandler                    text84       001DF4
__end_of_sprintf                                    text44       001F12
__end_of_strlen                                     text54       001D70
__end_of_vfpfcnvrt                                  text46       001354
__end_of_vfprintf                                   text45       001E74
__end_of_wr1RegCompleteHandler                      text85       00202A
__end_of_wr2RegCompleteHandler                      text90       0020AE
__end_ofi2_I2C_MasterClearIrq                       text60       0023AA
__end_ofi2_I2C_SetBuffer                            text93       00211E
__end_ofi2_I2C_SetCallback                          text92       001CC8
__end_ofi2_I2C_SetDataCompleteCallback              text91       00221A
__initialization                                    cinit        00211E
__mediumconst                                       mediumconst  000000
__pbssBANK0                                         bssBANK0     000060
__pbssCOMRAM                                        bssCOMRAM    000041
__pcinit                                            cinit        00211E
__pcstackCOMRAM                                     cstackCOMRAM 000001
__pintcode                                          intcode      000008
__psmallconst                                       smallconst   001000
__ptext0                                            text0        001D70
__ptext1                                            text1        002162
__ptext10                                           text10       00238E
__ptext11                                           text11       001E74
__ptext12                                           text12       002182
__ptext13                                           text13       00219E
__ptext14                                           text14       00230E
__ptext15                                           text15       0021BA
__ptext16                                           text16       001CC8
__ptext17                                           text17       001B2E
__ptext18                                           text18       002242
__ptext19                                           text19       002254
__ptext2                                            text2        001F46
__ptext20                                           text20       002266
__ptext21                                           text21       002278
__ptext22                                           text22       00228A
__ptext23                                           text23       00229C
__ptext24                                           text24       0019E4
__ptext25                                           text25       0021D2
__ptext26                                           text26       0020D6
__ptext27                                           text27       0021EA
__ptext28                                           text28       001B96
__ptext29                                           text29       00184C
__ptext3                                            text3        002372
__ptext30                                           text30       002318
__ptext31                                           text31       002140
__ptext32                                           text32       002392
__ptext33                                           text33       002322
__ptext34                                           text34       001DF4
__ptext35                                           text35       002396
__ptext36                                           text36       001FA6
__ptext37                                           text37       00239A
__ptext38                                           text38       00239E
__ptext39                                           text39       0023A2
__ptext4                                            text4        00238A
__ptext40                                           text40       0014DC
__ptext41                                           text41       001AC2
__ptext42                                           text42       001594
__ptext43                                           text43       001FD2
__ptext44                                           text44       001EDE
__ptext45                                           text45       001E34
__ptext46                                           text46       001084
__ptext47                                           text47       0016FC
__ptext48                                           text48       0023C6
__ptext49                                           text49       001F12
__ptext5                                            text5        001EAA
__ptext50                                           text50       00164C
__ptext51                                           text51       001354
__ptext52                                           text52       001F76
__ptext53                                           text53       0018EA
__ptext54                                           text54       001D20
__ptext55                                           text55       00232A
__ptext56                                           text56       0020AE
__ptext58                                           text58       002378
__ptext59                                           text59       001A54
__ptext6                                            text6        0022F0
__ptext60                                           text60       0023A6
__ptext61                                           text61       001BFC
__ptext62                                           text62       0022CC
__ptext63                                           text63       002332
__ptext64                                           text64       00233A
__ptext65                                           text65       002342
__ptext66                                           text66       00234A
__ptext67                                           text67       002352
__ptext68                                           text68       00235A
__ptext69                                           text69       002362
__ptext7                                            text7        0022FA
__ptext70                                           text70       0022D8
__ptext71                                           text71       0017A6
__ptext72                                           text72       001418
__ptext73                                           text73       0022BE
__ptext74                                           text74       0022AE
__ptext75                                           text75       0022E4
__ptext76                                           text76       001968
__ptext77                                           text77       0023AA
__ptext78                                           text78       00222E
__ptext79                                           text79       00236A
__ptext8                                            text8        002304
__ptext80                                           text80       00237E
__ptext81                                           text81       0023AE
__ptext82                                           text82       002384
__ptext83                                           text83       0023B2
__ptext84                                           text84       001DB2
__ptext85                                           text85       001FFE
__ptext86                                           text86       00202A
__ptext87                                           text87       002056
__ptext88                                           text88       0023B6
__ptext89                                           text89       0023BA
__ptext9                                            text9        00221A
__ptext90                                           text90       002082
__ptext91                                           text91       002202
__ptext92                                           text92       001C62
__ptext93                                           text93       0020FA
__ptext94                                           text94       0023BE
__ptext95                                           text95       0023C2
__ptext96                                           text96       000000
__ramtop                                            ramtop       001000
__smallconst                                        smallconst   001000
_abs                                                text49       001F12
_convert_byte_to_str                                text43       001FD2
_dbuf                                               bssBANK0     000084
_decimal                                            bssCOMRAM    000054
_dummy_str                                          bssCOMRAM    00005B
_eusartRxLastError                                  bssCOMRAM    000049
_flags                                              bssCOMRAM    000053
_fputc                                              text47       0016FC
_hex_str                                            bssCOMRAM    000059
_i2c_fsmStateTable                                  smallconst   001031
_main                                               text0        001D70
_memset                                             text52       001F76
_prec                                               bssCOMRAM    000043
_putch                                              text48       0023C6
_rd1RegCompleteHandler                              text87       002056
_rd2RegCompleteHandler                              text86       00202A
_rdBlkRegCompleteHandler                            text84       001DB2
_received_data                                      bssCOMRAM    000056
_sprintf                                            text44       001EDE
_strlen                                             text54       001D20
_unlockKeyHigh                                      bssCOMRAM    000057
_unlockKeyLow                                       bssCOMRAM    000058
_vfpfcnvrt                                          text46       001084
_vfprintf                                           text45       001E34
_width                                              bssCOMRAM    000041
_wr1RegCompleteHandler                              text85       001FFE
_wr2RegCompleteHandler                              text90       002082
abs@a                                               cstackCOMRAM 000017
btemp                                               temp         00005D
convert_byte_to_str@str                             cstackCOMRAM 00003D
convert_byte_to_str@val                             cstackCOMRAM 00003E
end_of_initialization                               cinit        002136
fputc@c                                             cstackCOMRAM 000011
fputc@fp                                            cstackCOMRAM 000013
i2I2C_SetBuffer@buffer                              cstackCOMRAM 000001
i2I2C_SetBuffer@bufferSize                          cstackCOMRAM 000003
i2I2C_SetCallback@cb                                cstackCOMRAM 000001
i2I2C_SetCallback@idx                               cstackCOMRAM 000005
i2I2C_SetCallback@ptr                               cstackCOMRAM 000003
i2I2C_SetDataCompleteCallback@cb                    cstackCOMRAM 000006
i2I2C_SetDataCompleteCallback@ptr                   cstackCOMRAM 000008
i2_I2C_MasterClearIrq                               text60       0023A6
i2_I2C_SetBuffer                                    text93       0020FA
i2_I2C_SetCallback                                  text92       001C62
i2_I2C_SetDataCompleteCallback                      text91       002202
int$flags                                           temp         00005D
intlevel0                                           text         000000
intlevel1                                           text         000000
intlevel2                                           text         000000
intlevel3                                           text         000000
isa$std                                             (abs)        000001
isa$xinst                                           (abs)        000000
memset@c                                            cstackCOMRAM 000012
memset@dest                                         cstackCOMRAM 000011
memset@n                                            cstackCOMRAM 000014
memset@p                                            cstackCOMRAM 000016
rd1RegCompleteHandler@ptr                           cstackCOMRAM 00000A
rd2RegCompleteHandler@ptr                           cstackCOMRAM 00000A
rdBlkRegCompleteHandler@ptr                         cstackCOMRAM 00000A
sprintf@ap                                          cstackCOMRAM 000030
sprintf@f                                           cstackCOMRAM 000031
sprintf@fmt                                         cstackCOMRAM 00002D
sprintf@s                                           cstackCOMRAM 00002C
stackhi                                             (abs)        000000
stacklo                                             (abs)        000000
start                                               init         0000B6
start_initialization                                cinit        00211E
strlen@a                                            cstackCOMRAM 000013
strlen@s                                            cstackCOMRAM 000011
ttemp5                                              temp         00005E
ttemp6                                              temp         000061
ttemp7                                              temp         000065
vfpfcnvrt@ap                                        cstackCOMRAM 00001D
vfpfcnvrt@c                                         cstackCOMRAM 000027
vfpfcnvrt@convarg                                   cstackCOMRAM 000023
vfpfcnvrt@cp                                        cstackCOMRAM 000022
vfpfcnvrt@done                                      cstackCOMRAM 000020
vfpfcnvrt@fmt                                       cstackCOMRAM 00001C
vfpfcnvrt@fp                                        cstackCOMRAM 00001B
vfpfcnvrt@x                                         cstackCOMRAM 000021
vfprintf@ap                                         cstackCOMRAM 00002A
vfprintf@cfmt                                       cstackCOMRAM 00002B
vfprintf@fmt                                        cstackCOMRAM 000029
vfprintf@fp                                         cstackCOMRAM 000028
wr1RegCompleteHandler@ptr                           cstackCOMRAM 00000A
wr2RegCompleteHandler@ptr                           cstackCOMRAM 00000A
wtemp8                                              temp         00005E


MODULE INFORMATION

Module		Function		Class		Link	Load	Size
mcc_generated_files/i2c_client/src/i2c_master.c
		_I2C_Close     		CODE           	1FA6	0000	44
		_I2C_MasterStartRx		CODE           	23B2	0000	4
		_I2C_DO_SEND_ADR_WRITE		CODE           	22BE	0000	14
		_I2C_DO_SEND_STOP		CODE           	234A	0000	8
		_I2C_MasterSendNack		CODE           	2384	0000	6
		_I2C_MasterDisableIrq		CODE           	239A	0000	4
		_I2C_CallbackReturnStop		CODE           	23BA	0000	4
		_I2C_MasterOperation		CODE           	1DF4	0000	64
		_I2C_DO_SEND_ADR_READ		CODE           	22AE	0000	16
		_I2C_DO_RX_NACK_STOP		CODE           	233A	0000	8
		_I2C_DO_SEND_RESTART		CODE           	2352	0000	8
		_I2C_DO_RX     		CODE           	17A6	0000	166
		_I2C_DO_TX     		CODE           	1418	0000	196
		_I2C_DO_IDLE   		CODE           	22E4	0000	12
		_I2C_DO_RCEN   		CODE           	22D8	0000	12
		_I2C_DO_RESET  		CODE           	22CC	0000	12
		_I2C_MasterClose		CODE           	239E	0000	4
		_I2C_MasterWrite		CODE           	2322	0000	8
		_I2C_DO_RX_ACK 		CODE           	2342	0000	8
		_I2C_MasterStart		CODE           	2396	0000	4
		_I2C_MasterClearIrq		CODE           	23A2	0000	4
		_I2C_MasterGetRxData		CODE           	23AE	0000	4
		_I2C_SetCallback		CODE           	1B96	0000	102
		_I2C_DO_ADDRESS_NACK		CODE           	1BFC	0000	102
		_I2C_MasterEnableRestart		CODE           	23C2	0000	4
		_I2C_CallbackReturnReset		CODE           	23B6	0000	4
		_I2C_Open      		CODE           	184C	0000	158
		_I2C_SetAddressNackCallback		CODE           	21EA	0000	24
		_I2C_DO_TX_EMPTY		CODE           	1968	0000	124
		_I2C_DO_SEND_RESTART_WRITE		CODE           	235A	0000	8
		_I2C_MasterIsNack		CODE           	222E	0000	20
		_I2C_SetDataCompleteCallback		CODE           	21D2	0000	24
		_I2C_DO_RX_NACK_RESTART		CODE           	2332	0000	8
		_I2C_MasterSendAck		CODE           	237E	0000	6
		_I2C_MasterFsm 		CODE           	1A54	0000	110
		_I2C_MasterIsr 		CODE           	2378	0000	6
		_I2C_MasterSetIrq		CODE           	23AA	0000	4
		_I2C_DO_SEND_RESTART_READ		CODE           	2362	0000	8
		_I2C_MasterEnableIrq		CODE           	2392	0000	4
		_I2C_Initialize		CODE           	221A	0000	20
		_I2C_SetBuffer 		CODE           	20D6	0000	36
		_I2C_SetInterruptHandler		CODE           	2318	0000	10
		_I2C_MasterOpen		CODE           	2140	0000	34
		_I2C_MasterSendTxData		CODE           	236A	0000	8
		_I2C_MasterStop		CODE           	23BE	0000	4

mcc_generated_files/i2c_client/src/i2c_master.c estimated size: 1438

mcc_generated_files/TC74/TC74.c
		_Read_Temperature		CODE           	21BA	0000	24

mcc_generated_files/TC74/TC74.c estimated size: 24

mcc_generated_files/system/src/interrupt.c
		_INT0_SetInterruptHandler		CODE           	2304	0000	10
		_INT1_SetInterruptHandler		CODE           	22FA	0000	10
		_INT2_SetInterruptHandler		CODE           	22F0	0000	10
		_INTERRUPT_Initialize		CODE           	1EAA	0000	52
		_INTERRUPT_InterruptManagerHigh		CODE           	0008	0000	174

mcc_generated_files/system/src/interrupt.c estimated size: 256

C:\Program Files\Microchip\xc8\v2.45\pic\sources\c99\common\nf_sprintf.c
		_sprintf       		CODE           	1EDE	0000	52

C:\Program Files\Microchip\xc8\v2.45\pic\sources\c99\common\nf_sprintf.c estimated size: 52

mcc_generated_files/nvm/src/nvm.c
		_NVM_Initialize		CODE           	2372	0000	6
		_NVM_StatusClear		CODE           	238A	0000	4

mcc_generated_files/nvm/src/nvm.c estimated size: 10

mcc_generated_files/system/src/pins.c
		_PIN_MANAGER_Initialize		CODE           	1F46	0000	48

mcc_generated_files/system/src/pins.c estimated size: 48

C:\Program Files\Microchip\xc8\v2.45\pic\sources\c99\common\awmod.c
		___awmod       		CODE           	164C	0000	176

C:\Program Files\Microchip\xc8\v2.45\pic\sources\c99\common\awmod.c estimated size: 176

C:\Program Files\Microchip\xc8\v2.45\pic\sources\c99\common\putch.c
		_putch         		CODE           	23C6	0000	2

C:\Program Files\Microchip\xc8\v2.45\pic\sources\c99\common\putch.c estimated size: 2

shared
		i2_I2C_SetBuffer		CODE           	20FA	0000	36
		__initialization		CODE           	211E	0000	24
		_UART1         		SMALLCONST     	1001	0000	48
		i2_I2C_SetCallback		CODE           	1C62	0000	102
		i2_I2C_SetDataCompleteCallback		CODE           	2202	0000	24
		i2_I2C_MasterClearIrq		CODE           	23A6	0000	4
		_i2c_fsmStateTable		SMALLCONST     	1031	0000	32

shared estimated size: 270

C:\Program Files\Microchip\xc8\v2.45\pic\sources\c99\common\abs.c
		_abs           		CODE           	1F12	0000	52

C:\Program Files\Microchip\xc8\v2.45\pic\sources\c99\common\abs.c estimated size: 52

C:\Program Files\Microchip\xc8\v2.45\pic\sources\c99\common\strlen.c
		_strlen        		CODE           	1D20	0000	80

C:\Program Files\Microchip\xc8\v2.45\pic\sources\c99\common\strlen.c estimated size: 80

C:\Program Files\Microchip\xc8\v2.45\pic\sources\c99\common\memset.c
		_memset        		CODE           	1F76	0000	48

C:\Program Files\Microchip\xc8\v2.45\pic\sources\c99\common\memset.c estimated size: 48

mcc_generated_files/uart/src/eusart.c
		_EUSART_FramingErrorCallbackRegister		CODE           	219E	0000	28
		_EUSART_OverrunErrorCallbackRegister		CODE           	2182	0000	28
		_EUSART_Write  		CODE           	232A	0000	8
		_EUSART_IsTxReady		CODE           	20AE	0000	40
		_EUSART_Initialize		CODE           	1E74	0000	54
		_EUSART_ReceiveEnable		CODE           	238E	0000	4
		_EUSART_Send_String		CODE           	18EA	0000	126

mcc_generated_files/uart/src/eusart.c estimated size: 288

mcc_generated_files/system/src/clock.c
		_CLOCK_Initialize		CODE           	230E	0000	10

mcc_generated_files/system/src/clock.c estimated size: 10

main.c
		_EUSART_Send_Date		CODE           	1594	0000	184
		_EUSART_Send_Time		CODE           	14DC	0000	184
		_main          		CODE           	1D70	0000	66
		_EUSART_Send_Temp		CODE           	1AC2	0000	108
		_convert_byte_to_str		CODE           	1FD2	0000	44

main.c estimated size: 586

C:\Program Files\Microchip\xc8\v2.45\pic\sources\c99\common\nf_fputc.c
		_fputc         		CODE           	16FC	0000	170

C:\Program Files\Microchip\xc8\v2.45\pic\sources\c99\common\nf_fputc.c estimated size: 170

C:\Program Files\Microchip\xc8\v2.45\pic\sources\c99\common\doprnt.c
		_vfpfcnvrt     		CODE           	1084	0000	720
		_vfprintf      		CODE           	1E34	0000	64

C:\Program Files\Microchip\xc8\v2.45\pic\sources\c99\common\doprnt.c estimated size: 784

C:\Program Files\Microchip\xc8\v2.45\pic\sources\c99\common\awdiv.c
		___awdiv       		CODE           	1354	0000	196

C:\Program Files\Microchip\xc8\v2.45\pic\sources\c99\common\awdiv.c estimated size: 196

mcc_generated_files/system/src/system.c
		_SYSTEM_Initialize		CODE           	2162	0000	32

mcc_generated_files/system/src/system.c estimated size: 32

mcc_generated_files/DS1307/DS1307.c
		_Get_time_And_Date		CODE           	1B2E	0000	104
		_Get_years     		CODE           	2242	0000	18
		_Get_hours     		CODE           	228A	0000	18
		_Get_minutes   		CODE           	2278	0000	18
		_Get_months    		CODE           	2266	0000	18
		_Get_seconds   		CODE           	2254	0000	18
		_Get_days      		CODE           	229C	0000	18

mcc_generated_files/DS1307/DS1307.c estimated size: 212

mcc_generated_files/i2c_client/src/i2c_master_example.c
		_wr1RegCompleteHandler		CODE           	1FFE	0000	44
		_wr2RegCompleteHandler		CODE           	2082	0000	44
		_I2C_Read1ByteRegister		CODE           	19E4	0000	112
		_I2C_Write1Byte		CODE           	1CC8	0000	88
		_rdBlkRegCompleteHandler		CODE           	1DB2	0000	66
		_rd1RegCompleteHandler		CODE           	2056	0000	44
		_rd2RegCompleteHandler		CODE           	202A	0000	44

mcc_generated_files/i2c_client/src/i2c_master_example.c estimated size: 442

